Copyright 1986-2022 Xilinx, Inc. All Rights Reserved. Copyright 2022-2023 Advanced Micro Devices, Inc. All Rights Reserved.
---------------------------------------------------------------------------------------------------------------------------------------------
| Tool Version : Vivado v.2023.2 (win64) Build 4029153 Fri Oct 13 20:14:34 MDT 2023
| Date         : Wed Apr 10 16:02:20 2024
| Host         : rbrinson running 64-bit major release  (build 9200)
| Command      : report_control_sets -verbose -file MineSweepWrapper_control_sets_placed.rpt
| Design       : MineSweepWrapper
| Device       : xc7a35t
---------------------------------------------------------------------------------------------------------------------------------------------

Control Set Information

Table of Contents
-----------------
1. Summary
2. Histogram
3. Flip-Flop Distribution
4. Detailed Control Set Information

1. Summary
----------

+----------------------------------------------------------+-------+
|                          Status                          | Count |
+----------------------------------------------------------+-------+
| Total control sets                                       |    19 |
|    Minimum number of control sets                        |    19 |
|    Addition due to synthesis replication                 |     0 |
|    Addition due to physical synthesis replication        |     0 |
| Unused register locations in slices containing registers |   115 |
+----------------------------------------------------------+-------+
* Control sets can be merged at opt_design using control_set_merge or merge_equivalent_drivers
** Run report_qor_suggestions for automated merging and remapping suggestions


2. Histogram
------------

+--------------------+-------+
|       Fanout       | Count |
+--------------------+-------+
| Total control sets |    19 |
| >= 0 to < 4        |    16 |
| >= 4 to < 6        |     0 |
| >= 6 to < 8        |     0 |
| >= 8 to < 10       |     0 |
| >= 10 to < 12      |     0 |
| >= 12 to < 14      |     0 |
| >= 14 to < 16      |     0 |
| >= 16              |     3 |
+--------------------+-------+
* Control sets can be remapped at either synth_design or opt_design


3. Flip-Flop Distribution
-------------------------

+--------------+-----------------------+------------------------+-----------------+--------------+
| Clock Enable | Synchronous Set/Reset | Asynchronous Set/Reset | Total Registers | Total Slices |
+--------------+-----------------------+------------------------+-----------------+--------------+
| No           | No                    | No                     |              32 |           21 |
| No           | No                    | Yes                    |              21 |            4 |
| No           | Yes                   | No                     |               0 |            0 |
| Yes          | No                    | No                     |               0 |            0 |
| Yes          | No                    | Yes                    |              16 |            6 |
| Yes          | Yes                   | No                     |               0 |            0 |
+--------------+-----------------------+------------------------+-----------------+--------------+


4. Detailed Control Set Information
-----------------------------------

+------------------------------------------------------+------------------------+------------------+------------------+----------------+--------------+
|                     Clock Signal                     |      Enable Signal     | Set/Reset Signal | Slice Load Count | Bel Load Count | Bels / Slice |
+------------------------------------------------------+------------------------+------------------+------------------+----------------+--------------+
|  MINESWEEP/MOVE_SYNC[0].SynchronizerChain_inst/E[0]  |                        |                  |                1 |              1 |         1.00 |
|  MINESWEEP/MOVE_SYNC[11].SynchronizerChain_inst/E[0] |                        |                  |                1 |              1 |         1.00 |
|  MINESWEEP/MOVE_SYNC[10].SynchronizerChain_inst/E[0] |                        |                  |                1 |              1 |         1.00 |
|  MINESWEEP/MOVE_SYNC[5].SynchronizerChain_inst/E[0]  |                        |                  |                1 |              1 |         1.00 |
|  MINESWEEP/MOVE_SYNC[6].SynchronizerChain_inst/E[0]  |                        |                  |                1 |              1 |         1.00 |
|  MINESWEEP/MOVE_SYNC[7].SynchronizerChain_inst/E[0]  |                        |                  |                1 |              1 |         1.00 |
|  MINESWEEP/MOVE_SYNC[8].SynchronizerChain_inst/E[0]  |                        |                  |                1 |              1 |         1.00 |
|  MINESWEEP/MOVE_SYNC[9].SynchronizerChain_inst/E[0]  |                        |                  |                1 |              1 |         1.00 |
|  MINESWEEP/MOVE_SYNC[12].SynchronizerChain_inst/E[0] |                        |                  |                1 |              1 |         1.00 |
|  MINESWEEP/MOVE_SYNC[13].SynchronizerChain_inst/E[0] |                        |                  |                1 |              1 |         1.00 |
|  MINESWEEP/MOVE_SYNC[14].SynchronizerChain_inst/E[0] |                        |                  |                1 |              1 |         1.00 |
|  MINESWEEP/MOVE_SYNC[15].SynchronizerChain_inst/E[0] |                        |                  |                1 |              1 |         1.00 |
|  MINESWEEP/MOVE_SYNC[1].SynchronizerChain_inst/E[0]  |                        |                  |                1 |              1 |         1.00 |
|  MINESWEEP/MOVE_SYNC[2].SynchronizerChain_inst/E[0]  |                        |                  |                1 |              1 |         1.00 |
|  MINESWEEP/MOVE_SYNC[3].SynchronizerChain_inst/E[0]  |                        |                  |                1 |              1 |         1.00 |
|  MINESWEEP/MOVE_SYNC[4].SynchronizerChain_inst/E[0]  |                        |                  |                1 |              1 |         1.00 |
|  clk_IBUF_BUFG                                       | MINESWEEP/gamePlayMode | btnU_IBUF        |                6 |             16 |         2.67 |
|  clk_IBUF_BUFG                                       |                        | btnU_IBUF        |                4 |             21 |         5.25 |
|  clk_IBUF_BUFG                                       |                        |                  |                5 |             32 |         6.40 |
+------------------------------------------------------+------------------------+------------------+------------------+----------------+--------------+


