#-----------------------------------------------------------
# Vivado v2023.2 (64-bit)
# SW Build 4029153 on Fri Oct 13 20:14:34 MDT 2023
# IP Build 4028589 on Sat Oct 14 00:45:43 MDT 2023
# SharedData Build 4025554 on Tue Oct 10 17:18:54 MDT 2023
# Start of session at: Mon Mar  4 13:42:48 2024
# Process ID: 36588
# Current directory: C:/Users/rbrin/Documents/GitHub/CPE-3020-VHDL_Design/Lab3_Moving_LED/Moving_Led.runs/impl_1
# Command line: vivado.exe -log MovingLed_Wrapper.vdi -applog -product Vivado -messageDb vivado.pb -mode batch -source MovingLed_Wrapper.tcl -notrace
# Log file: C:/Users/rbrin/Documents/GitHub/CPE-3020-VHDL_Design/Lab3_Moving_LED/Moving_Led.runs/impl_1/MovingLed_Wrapper.vdi
# Journal file: C:/Users/rbrin/Documents/GitHub/CPE-3020-VHDL_Design/Lab3_Moving_LED/Moving_Led.runs/impl_1\vivado.jou
# Running On: rbrinson, OS: Windows, CPU Frequency: 3992 MHz, CPU Physical cores: 16, Host memory: 33522 MB
#-----------------------------------------------------------
source MovingLed_Wrapper.tcl -notrace
