#-----------------------------------------------------------
# Vivado v2023.2 (64-bit)
# SW Build 4029153 on Fri Oct 13 20:14:34 MDT 2023
# IP Build 4028589 on Sat Oct 14 00:45:43 MDT 2023
# SharedData Build 4025554 on Tue Oct 10 17:18:54 MDT 2023
# Start of session at: Mon Apr 22 14:53:24 2024
# Process ID: 855848
# Current directory: C:/Users/rbrin/Documents/GitHub/CPE-3020-VHDL_Design/Lab4_Mine_Sweep_Part2/Lab4_Mine_Sweep_Part1.runs/synth_1
# Command line: vivado.exe -log MineSweepWrapper.vds -product Vivado -mode batch -messageDb vivado.pb -notrace -source MineSweepWrapper.tcl
# Log file: C:/Users/rbrin/Documents/GitHub/CPE-3020-VHDL_Design/Lab4_Mine_Sweep_Part2/Lab4_Mine_Sweep_Part1.runs/synth_1/MineSweepWrapper.vds
# Journal file: C:/Users/rbrin/Documents/GitHub/CPE-3020-VHDL_Design/Lab4_Mine_Sweep_Part2/Lab4_Mine_Sweep_Part1.runs/synth_1\vivado.jou
# Running On: rbrinson, OS: Windows, CPU Frequency: 3992 MHz, CPU Physical cores: 16, Host memory: 33522 MB
#-----------------------------------------------------------
source MineSweepWrapper.tcl -notrace
